Update ZAP addons from upstream

- ascanrules:
  - version: 36
  - status: release
  - released: 2020-08-04
- ascanrulesBeta:
  - version: 30
  - status: beta
  - released: 2020-07-23
